{"ts":"2025-11-26T23:02:37.024Z","event":"auth_success","userId":1,"ip":"::1","email":"vitor@email.com"}
{"ts":"2025-11-26T23:08:18.569Z","event":"auth_logout","ip":"::1"}
{"ts":"2025-11-26T23:14:42.878Z","event":"auth_failed","reason":"invalid_credentials","ip":"::1","email":"vitor@email.com"}
{"ts":"2025-11-26T23:14:48.876Z","event":"auth_failed","reason":"missing_fields","ip":"::1","email":"vitor@email.com"}
{"ts":"2025-11-26T23:14:52.164Z","event":"auth_success","userId":1,"ip":"::1","email":"vitor@email.com"}
{"ts":"2025-11-26T23:16:02.004Z","event":"comps_create","userId":1,"map":"Ascent","name":"teste","ip":"::1"}
{"ts":"2025-11-26T23:16:02.047Z","event":"comps_search","userId":1,"map":null,"cached":false,"ip":"::1"}
{"ts":"2025-11-26T23:16:02.060Z","event":"comps_search","userId":1,"map":null,"cached":true,"ip":"::1"}
{"ts":"2025-11-26T23:16:12.683Z","event":"comps_search","userId":1,"map":"Ascent","cached":false,"ip":"::1"}
{"ts":"2025-11-26T23:16:17.107Z","event":"comps_search","userId":1,"map":"Bind","cached":false,"ip":"::1"}
{"ts":"2025-11-26T23:16:18.974Z","event":"comps_search","userId":1,"map":"Haven","cached":false,"ip":"::1"}
{"ts":"2025-11-26T23:16:19.876Z","event":"comps_search","userId":1,"map":null,"cached":true,"ip":"::1"}
{"ts":"2025-11-26T23:16:36.582Z","event":"comps_search","userId":1,"map":null,"cached":false,"ip":"::1"}
{"ts":"2025-11-26T23:16:36.590Z","event":"comps_search","userId":1,"map":null,"cached":true,"ip":"::1"}
{"ts":"2025-11-26T23:16:41.158Z","event":"auth_logout","ip":"::1"}
{"ts":"2025-11-26T23:20:04.578Z","event":"auth_success","userId":1,"ip":"::1","email":"vitor@email.com"}
{"ts":"2025-11-26T23:20:12.189Z","event":"auth_logout","ip":"::1"}
{"ts":"2025-11-26T23:22:52.582Z","event":"auth_failed","reason":"invalid_credentials","ip":"::1","email":"vitor@email.com"}
{"ts":"2025-11-26T23:22:54.990Z","event":"auth_failed","reason":"missing_fields","ip":"::1","email":"vitor@email.com"}
{"ts":"2025-11-26T23:22:58.451Z","event":"auth_success","userId":1,"ip":"::1","email":"vitor@email.com"}
{"ts":"2025-11-26T23:24:15.523Z","event":"comps_create","userId":1,"map":"Ascent","name":"Teste de nova comp","ip":"::1"}
{"ts":"2025-11-26T23:24:15.562Z","event":"comps_search","userId":1,"map":null,"cached":false,"ip":"::1"}
{"ts":"2025-11-26T23:24:15.573Z","event":"comps_search","userId":1,"map":null,"cached":true,"ip":"::1"}
{"ts":"2025-11-26T23:24:26.462Z","event":"comps_search","userId":1,"map":null,"cached":true,"ip":"::1"}
{"ts":"2025-11-26T23:24:26.470Z","event":"comps_search","userId":1,"map":null,"cached":true,"ip":"::1"}
{"ts":"2025-11-26T23:24:32.334Z","event":"comps_search","userId":1,"map":"Ascent","cached":false,"ip":"::1"}
{"ts":"2025-11-26T23:24:33.609Z","event":"comps_search","userId":1,"map":"Bind","cached":false,"ip":"::1"}
{"ts":"2025-11-26T23:24:34.844Z","event":"comps_search","userId":1,"map":null,"cached":true,"ip":"::1"}
{"ts":"2025-11-26T23:25:03.775Z","event":"auth_logout","ip":"::1"}
{"ts":"2025-11-26T23:26:19.586Z","event":"auth_failed","reason":"missing_fields","ip":"::1","email":"vitor@email.com"}
{"ts":"2025-11-26T23:26:23.710Z","event":"auth_failed","reason":"invalid_credentials","ip":"::1","email":"vitor@email.com"}
{"ts":"2025-11-26T23:26:27.486Z","event":"auth_success","userId":1,"ip":"::1","email":"vitor@email.com"}
{"ts":"2025-11-26T23:27:38.345Z","event":"comps_create","userId":1,"map":"Ascent","name":"Comp teste","ip":"::1"}
{"ts":"2025-11-26T23:27:38.376Z","event":"comps_search","userId":1,"map":null,"cached":false,"ip":"::1"}
{"ts":"2025-11-26T23:27:38.386Z","event":"comps_search","userId":1,"map":null,"cached":true,"ip":"::1"}
{"ts":"2025-11-26T23:28:05.973Z","event":"comps_search","userId":1,"map":"Ascent","cached":false,"ip":"::1"}
{"ts":"2025-11-26T23:28:13.089Z","event":"comps_search","userId":1,"map":null,"cached":false,"ip":"::1"}
{"ts":"2025-11-26T23:28:25.229Z","event":"auth_logout","ip":"::1"}
{"ts":"2025-11-26T23:30:30.744Z","event":"auth_failed","reason":"missing_fields","ip":"::1","email":"vitor@email.com"}
{"ts":"2025-11-26T23:30:37.775Z","event":"auth_failed","reason":"invalid_credentials","ip":"::1","email":"vitor@email.com"}
{"ts":"2025-11-26T23:30:44.489Z","event":"auth_success","userId":1,"ip":"::1","email":"vitor@email.com"}
{"ts":"2025-11-26T23:31:59.890Z","event":"comps_create","userId":1,"map":"Bind","name":"Comp teste","ip":"::1"}
{"ts":"2025-11-26T23:31:59.928Z","event":"comps_search","userId":1,"map":null,"cached":false,"ip":"::1"}
{"ts":"2025-11-26T23:31:59.938Z","event":"comps_search","userId":1,"map":null,"cached":true,"ip":"::1"}
{"ts":"2025-11-26T23:32:12.388Z","event":"comps_search","userId":1,"map":"Ascent","cached":false,"ip":"::1"}
{"ts":"2025-11-26T23:32:13.725Z","event":"comps_search","userId":1,"map":null,"cached":true,"ip":"::1"}
{"ts":"2025-11-26T23:32:37.457Z","event":"comps_search","userId":1,"map":null,"cached":false,"ip":"::1"}
{"ts":"2025-11-26T23:32:37.464Z","event":"comps_search","userId":1,"map":null,"cached":true,"ip":"::1"}
{"ts":"2025-11-26T23:32:40.786Z","event":"auth_logout","ip":"::1"}
